2026-10-09T02:16:44.0035016Z Current runner version: '2.337.0'
2026-10-09T02:16:44.0057254Z ##[group]Runner Image Provisioner
2026-10-09T02:16:44.0058007Z Hosted Compute Agent
2026-10-09T02:16:44.0058556Z Version: 20261002.596
2026-10-09T02:16:44.0059073Z Commit: c3d12f3313a95f25162a1503be624f3b0617f8c0
2026-10-09T02:16:44.0059653Z Build Date: 2026-10-02T22:28:27Z
2026-10-09T02:16:44.0060307Z Worker ID: {1b743a8f-f1bb-44f6-84f8-cdd8d0d38fbb}
2026-10-09T02:16:44.0060879Z Region: westus3
2026-10-09T02:16:44.0061350Z Cloud: Azure
2026-10-09T02:16:44.0061808Z ##[endgroup]
2026-10-09T02:16:44.0063229Z ##[group]Operating System
2026-10-09T02:16:44.0063842Z Ubuntu
2026-10-09T02:16:44.0064275Z 24.04.5
2026-10-09T02:16:44.0064730Z LTS
2026-10-09T02:16:44.0065176Z ##[endgroup]
2026-10-09T02:16:44.0065653Z ##[group]Runner Image
2026-10-09T02:16:44.0066452Z Image: ubuntu-24.04
2026-10-09T02:16:44.0066926Z Version: 20261004.327.1
2026-10-09T02:16:44.0068027Z Included Software: https://github.com/actions/runner-images/blob/ubuntu24/20261004.327/images/ubuntu/Ubuntu2404-Readme.md
2026-10-09T02:16:44.0069279Z Image Release: https://github.com/actions/runner-images/releases/tag/ubuntu24%2F20261004.327
2026-10-09T02:16:44.0070104Z ##[endgroup]
2026-10-09T02:16:44.0071051Z ##[group]GITHUB_TOKEN Permissions
2026-10-09T02:16:44.0072871Z Contents: read
2026-10-09T02:16:44.0073363Z Metadata: read
2026-10-09T02:16:44.0073844Z ##[endgroup]
2026-10-09T02:16:44.0075646Z Secret source: Actions
2026-10-09T02:16:44.0076546Z Cache mode: write
2026-10-09T02:16:44.0077733Z Prepare workflow directory
2026-10-09T02:16:44.0367592Z Prepare all required actions
2026-10-09T02:16:44.0466635Z Uses: israelhudson/flutter_code_push_example/.github/workflows/release-lab-evaluate.yml@refs/heads/main (fbcf01271e9a03834f7f54bfd92b0ae21745cf0f)
2026-10-09T02:16:44.0471090Z ##[group] Inputs
2026-10-09T02:16:44.0471659Z   candidate_tag: v1.8.0-rc.2
2026-10-09T02:16:44.0472228Z   version: 1.8.0
2026-10-09T02:16:44.0473004Z   title: Laboratório de entregas — correção da candidata recusada
2026-10-09T02:16:44.0473686Z ##[endgroup]
2026-10-09T02:16:44.0474482Z Complete job name: Avaliar a mesma candidata / AUTORIZAR PUBLICAR — Israel OU Fabrícia, após os dois avais
2026-10-09T02:16:44.1106514Z ##[group]Run python3 - <<'PY'
2026-10-09T02:16:44.1107461Z [36;1mpython3 - <<'PY'[0m
2026-10-09T02:16:44.1108204Z [36;1mimport os[0m
2026-10-09T02:16:44.1109269Z [36;1mwith open(os.environ['GITHUB_STEP_SUMMARY'], 'a') as summary:[0m
2026-10-09T02:16:44.1110436Z [36;1m    summary.write('# Comando final autorizado\n\n')[0m
2026-10-09T02:16:44.1111762Z [36;1m    summary.write('Este gate registra a decisão final separada dos dois avais. ')[0m
2026-10-09T02:16:44.1113564Z [36;1m    summary.write('O próximo job reconfere a candidata e as reviews antes de criar a tag estável e a Release no GitHub. ')[0m
2026-10-09T02:16:44.1115457Z [36;1m    summary.write('Nenhum aplicativo ou patch mobile será distribuído.\n')[0m
2026-10-09T02:16:44.1116841Z [36;1mPY[0m
2026-10-09T02:16:44.3353959Z shell: /usr/bin/bash -e {0}
2026-10-09T02:16:44.3354906Z ##[endgroup]
2026-10-09T02:16:44.3814768Z Evaluate and set environment url
2026-10-09T02:16:44.3839313Z Evaluated environment url: https://github.com/israelhudson/flutter_code_push_example/actions/runs/37873174277
2026-10-09T02:16:44.3840689Z Cleaning up orphan processes
