2026-10-09T01:47:28.7083799Z Current runner version: '2.337.0'
2026-10-09T01:47:28.7109007Z ##[group]Runner Image Provisioner
2026-10-09T01:47:28.7109938Z Hosted Compute Agent
2026-10-09T01:47:28.7110802Z Version: 20261002.596
2026-10-09T01:47:28.7111538Z Commit: c3d12f3313a95f25162a1503be624f3b0617f8c0
2026-10-09T01:47:28.7112337Z Build Date: 2026-10-02T22:28:27Z
2026-10-09T01:47:28.7113093Z Worker ID: {e2c18899-c251-4f5f-9b3a-2c159c07a2c0}
2026-10-09T01:47:28.7113893Z Region: northcentralus
2026-10-09T01:47:28.7114495Z Cloud: Azure
2026-10-09T01:47:28.7115033Z ##[endgroup]
2026-10-09T01:47:28.7116513Z ##[group]Operating System
2026-10-09T01:47:28.7117201Z Ubuntu
2026-10-09T01:47:28.7117801Z 24.04.5
2026-10-09T01:47:28.7118362Z LTS
2026-10-09T01:47:28.7118901Z ##[endgroup]
2026-10-09T01:47:28.7119558Z ##[group]Runner Image
2026-10-09T01:47:28.7120227Z Image: ubuntu-24.04
2026-10-09T01:47:28.7121110Z Version: 20261004.327.1
2026-10-09T01:47:28.7122446Z Included Software: https://github.com/actions/runner-images/blob/ubuntu24/20261004.327/images/ubuntu/Ubuntu2404-Readme.md
2026-10-09T01:47:28.7124057Z Image Release: https://github.com/actions/runner-images/releases/tag/ubuntu24%2F20261004.327
2026-10-09T01:47:28.7125083Z ##[endgroup]
2026-10-09T01:47:28.7126347Z ##[group]GITHUB_TOKEN Permissions
2026-10-09T01:47:28.7128384Z Actions: read
2026-10-09T01:47:28.7129071Z Contents: write
2026-10-09T01:47:28.7129715Z Metadata: read
2026-10-09T01:47:28.7130298Z ##[endgroup]
2026-10-09T01:47:28.7132697Z Secret source: Actions
2026-10-09T01:47:28.7133686Z Cache mode: write
2026-10-09T01:47:28.7134534Z Prepare workflow directory
2026-10-09T01:47:28.7473102Z Prepare all required actions
2026-10-09T01:47:28.7522378Z Getting action download info
2026-10-09T01:47:29.0181765Z Download action repository 'actions/checkout@3d3c42e5aac5ba805825da76410c181273ba90b1' (SHA:3d3c42e5aac5ba805825da76410c181273ba90b1)
2026-10-09T01:47:29.1242022Z Download action repository 'actions/upload-artifact@cf430e030ddbb5b0abf93d22962f4752f3646cd9' (SHA:cf430e030ddbb5b0abf93d22962f4752f3646cd9)
2026-10-09T01:47:29.6135764Z Complete job name: Registrar resultado oficial — sem efeitos de publicação
2026-10-09T01:47:29.6893303Z ##[group]Run actions/checkout@3d3c42e5aac5ba805825da76410c181273ba90b1
2026-10-09T01:47:29.6894320Z with:
2026-10-09T01:47:29.6894767Z   ref: refs/heads/main
2026-10-09T01:47:29.6895237Z   path: trusted
2026-10-09T01:47:29.6895700Z   persist-credentials: false
2026-10-09T01:47:29.6896292Z   repository: israelhudson/flutter_code_push_example
2026-10-09T01:47:29.6900110Z   token: ***
2026-10-09T01:47:29.6900877Z   ssh-strict: true
2026-10-09T01:47:29.6901339Z   ssh-user: git
2026-10-09T01:47:29.6901760Z   clean: true
2026-10-09T01:47:29.6902213Z   sparse-checkout-cone-mode: true
2026-10-09T01:47:29.6902743Z   fetch-depth: 1
2026-10-09T01:47:29.6903193Z   fetch-tags: false
2026-10-09T01:47:29.6903655Z   show-progress: true
2026-10-09T01:47:29.6904121Z   lfs: false
2026-10-09T01:47:29.6904542Z   submodules: false
2026-10-09T01:47:29.6905012Z   set-safe-directory: true
2026-10-09T01:47:29.6905554Z   allow-unsafe-pr-checkout: false
2026-10-09T01:47:29.6906316Z ##[endgroup]
2026-10-09T01:47:29.7941337Z Syncing repository: israelhudson/flutter_code_push_example
2026-10-09T01:47:29.7943439Z ##[group]Getting Git version info
2026-10-09T01:47:29.7944390Z Working directory is '/home/runner/work/flutter_code_push_example/flutter_code_push_example/trusted'
2026-10-09T01:47:29.7945620Z [command]/usr/bin/git version
2026-10-09T01:47:29.8032963Z git version 2.55.0
2026-10-09T01:47:29.8056115Z ##[endgroup]
2026-10-09T01:47:29.8067585Z Temporarily overriding HOME='/home/runner/work/_temp/16a4072e-77c1-412d-ba6b-d6ddb3106cad' before making global git config changes
2026-10-09T01:47:29.8069830Z Adding repository directory to the temporary git global config as a safe directory
2026-10-09T01:47:29.8072315Z [command]/usr/bin/git config --global --add safe.directory /home/runner/work/flutter_code_push_example/flutter_code_push_example/trusted
2026-10-09T01:47:29.8123620Z ##[group]Determining repository object format
2026-10-09T01:47:30.0344472Z ##[endgroup]
2026-10-09T01:47:30.0345743Z ##[group]Initializing the repository
2026-10-09T01:47:30.0352951Z [command]/usr/bin/git init /home/runner/work/flutter_code_push_example/flutter_code_push_example/trusted
2026-10-09T01:47:30.0470850Z hint: Using 'master' as the name for the initial branch. This default branch name
2026-10-09T01:47:30.0472518Z hint: will change to "main" in Git 3.0. To configure the initial branch name
2026-10-09T01:47:30.0474629Z hint: to use in all of your new repositories, which will suppress this warning,
2026-10-09T01:47:30.0477614Z hint: call:
2026-10-09T01:47:30.0478446Z hint:
2026-10-09T01:47:30.0479479Z hint: 	git config --global init.defaultBranch <name>
2026-10-09T01:47:30.0480929Z hint:
2026-10-09T01:47:30.0481819Z hint: Names commonly chosen instead of 'master' are 'main', 'trunk' and
2026-10-09T01:47:30.0483242Z hint: 'development'. The just-created branch can be renamed via this command:
2026-10-09T01:47:30.0484363Z hint:
2026-10-09T01:47:30.0484839Z hint: 	git branch -m <name>
2026-10-09T01:47:30.0485421Z hint:
2026-10-09T01:47:30.0486408Z hint: Disable this message with "git config set advice.defaultBranchName false"
2026-10-09T01:47:30.0488333Z Initialized empty Git repository in /home/runner/work/flutter_code_push_example/flutter_code_push_example/trusted/.git/
2026-10-09T01:47:30.0491083Z [command]/usr/bin/git remote add origin https://github.com/israelhudson/flutter_code_push_example
2026-10-09T01:47:30.0545480Z ##[endgroup]
2026-10-09T01:47:30.0546614Z ##[group]Disabling automatic garbage collection
2026-10-09T01:47:30.0550587Z [command]/usr/bin/git config --local gc.auto 0
2026-10-09T01:47:30.0593825Z ##[endgroup]
2026-10-09T01:47:30.0594571Z ##[group]Setting up auth
2026-10-09T01:47:30.0595115Z Removing SSH command configuration
2026-10-09T01:47:30.0599874Z [command]/usr/bin/git config --local --name-only --get-regexp core\.sshCommand
2026-10-09T01:47:30.0647677Z [command]/usr/bin/git submodule foreach --recursive sh -c "git config --local --name-only --get-regexp 'core\.sshCommand' && git config --local --unset-all 'core.sshCommand' || :"
2026-10-09T01:47:30.1015058Z Removing HTTP extra header
2026-10-09T01:47:30.1021130Z [command]/usr/bin/git config --local --name-only --get-regexp http\.https\:\/\/github\.com\/\.extraheader
2026-10-09T01:47:30.1060180Z [command]/usr/bin/git submodule foreach --recursive sh -c "git config --local --name-only --get-regexp 'http\.https\:\/\/github\.com\/\.extraheader' && git config --local --unset-all 'http.https://github.com/.extraheader' || :"
2026-10-09T01:47:30.1333958Z Removing includeIf entries pointing to credentials config files
2026-10-09T01:47:30.1334991Z [command]/usr/bin/git config --local --name-only --get-regexp ^includeIf\.gitdir:
2026-10-09T01:47:30.1374695Z [command]/usr/bin/git submodule foreach --recursive git config --local --show-origin --name-only --get-regexp remote.origin.url
2026-10-09T01:47:30.1628922Z [command]/usr/bin/git config --file /home/runner/work/_temp/git-credentials-0747a2e9-f225-4359-ab96-e80055227936.config http.https://github.com/.extraheader AUTHORIZATION: basic ***
2026-10-09T01:47:30.1674793Z [command]/usr/bin/git config --local includeIf.gitdir:/home/runner/work/flutter_code_push_example/flutter_code_push_example/trusted/.git.path /home/runner/work/_temp/git-credentials-0747a2e9-f225-4359-ab96-e80055227936.config
2026-10-09T01:47:30.1714039Z [command]/usr/bin/git config --local includeIf.gitdir:/home/runner/work/flutter_code_push_example/flutter_code_push_example/trusted/.git/worktrees/*.path /home/runner/work/_temp/git-credentials-0747a2e9-f225-4359-ab96-e80055227936.config
2026-10-09T01:47:30.1758112Z [command]/usr/bin/git config --local includeIf.gitdir:/github/workspace/trusted/.git.path /github/runner_temp/git-credentials-0747a2e9-f225-4359-ab96-e80055227936.config
2026-10-09T01:47:30.1798793Z [command]/usr/bin/git config --local includeIf.gitdir:/github/workspace/trusted/.git/worktrees/*.path /github/runner_temp/git-credentials-0747a2e9-f225-4359-ab96-e80055227936.config
2026-10-09T01:47:30.1837255Z ##[endgroup]
2026-10-09T01:47:30.1838725Z ##[group]Fetching the repository
2026-10-09T01:47:30.1845327Z [command]/usr/bin/git -c protocol.version=2 fetch --no-tags --prune --no-recurse-submodules --depth=1 origin +refs/heads/main:refs/remotes/origin/main
2026-10-09T01:47:30.6901178Z From https://github.com/israelhudson/flutter_code_push_example
2026-10-09T01:47:30.6903572Z  * [new branch]      main       -> origin/main
2026-10-09T01:47:30.6908446Z ##[endgroup]
2026-10-09T01:47:30.6910370Z ##[group]Determining the checkout info
2026-10-09T01:47:30.6913125Z ##[endgroup]
2026-10-09T01:47:30.6914599Z [command]/usr/bin/git sparse-checkout disable
2026-10-09T01:47:30.6972921Z [command]/usr/bin/git config --local --unset-all extensions.worktreeConfig
2026-10-09T01:47:30.7011132Z ##[group]Checking out the ref
2026-10-09T01:47:30.7013865Z [command]/usr/bin/git checkout --progress --force -B main refs/remotes/origin/main
2026-10-09T01:47:30.7412593Z Switched to a new branch 'main'
2026-10-09T01:47:30.7413959Z branch 'main' set up to track 'origin/main'.
2026-10-09T01:47:30.7417636Z ##[endgroup]
2026-10-09T01:47:30.7469803Z [command]/usr/bin/git log -1 --format=%H
2026-10-09T01:47:30.7504873Z 22b29663d85724ba619600766c78ff38cd3456ec
2026-10-09T01:47:30.7515281Z ##[group]Removing auth
2026-10-09T01:47:30.7516738Z Removing SSH command configuration
2026-10-09T01:47:30.7518889Z [command]/usr/bin/git config --local --name-only --get-regexp core\.sshCommand
2026-10-09T01:47:30.7559876Z [command]/usr/bin/git submodule foreach --recursive sh -c "git config --local --name-only --get-regexp 'core\.sshCommand' && git config --local --unset-all 'core.sshCommand' || :"
2026-10-09T01:47:30.7809814Z Removing HTTP extra header
2026-10-09T01:47:30.7812703Z [command]/usr/bin/git config --local --name-only --get-regexp http\.https\:\/\/github\.com\/\.extraheader
2026-10-09T01:47:30.7855044Z [command]/usr/bin/git submodule foreach --recursive sh -c "git config --local --name-only --get-regexp 'http\.https\:\/\/github\.com\/\.extraheader' && git config --local --unset-all 'http.https://github.com/.extraheader' || :"
2026-10-09T01:47:30.8100821Z Removing includeIf entries pointing to credentials config files
2026-10-09T01:47:30.8103775Z [command]/usr/bin/git config --local --name-only --get-regexp ^includeIf\.gitdir:
2026-10-09T01:47:30.8141921Z includeif.gitdir:/home/runner/work/flutter_code_push_example/flutter_code_push_example/trusted/.git.path
2026-10-09T01:47:30.8147227Z includeif.gitdir:/home/runner/work/flutter_code_push_example/flutter_code_push_example/trusted/.git/worktrees/*.path
2026-10-09T01:47:30.8151554Z includeif.gitdir:/github/workspace/trusted/.git.path
2026-10-09T01:47:30.8154021Z includeif.gitdir:/github/workspace/trusted/.git/worktrees/*.path
2026-10-09T01:47:30.8159531Z [command]/usr/bin/git config --local --get-all includeif.gitdir:/home/runner/work/flutter_code_push_example/flutter_code_push_example/trusted/.git.path
2026-10-09T01:47:30.8184164Z /home/runner/work/_temp/git-credentials-0747a2e9-f225-4359-ab96-e80055227936.config
2026-10-09T01:47:30.8196830Z [command]/usr/bin/git config --local --unset includeif.gitdir:/home/runner/work/flutter_code_push_example/flutter_code_push_example/trusted/.git.path \/home\/runner\/work\/_temp\/git\-credentials\-0747a2e9\-f225\-4359\-ab96\-e80055227936\.config
2026-10-09T01:47:30.8242476Z [command]/usr/bin/git config --local --get-all includeif.gitdir:/home/runner/work/flutter_code_push_example/flutter_code_push_example/trusted/.git/worktrees/*.path
2026-10-09T01:47:30.8274595Z /home/runner/work/_temp/git-credentials-0747a2e9-f225-4359-ab96-e80055227936.config
2026-10-09T01:47:30.8286332Z [command]/usr/bin/git config --local --unset includeif.gitdir:/home/runner/work/flutter_code_push_example/flutter_code_push_example/trusted/.git/worktrees/*.path \/home\/runner\/work\/_temp\/git\-credentials\-0747a2e9\-f225\-4359\-ab96\-e80055227936\.config
2026-10-09T01:47:30.8334528Z [command]/usr/bin/git config --local --get-all includeif.gitdir:/github/workspace/trusted/.git.path
2026-10-09T01:47:30.8366248Z /github/runner_temp/git-credentials-0747a2e9-f225-4359-ab96-e80055227936.config
2026-10-09T01:47:30.8381691Z [command]/usr/bin/git config --local --unset includeif.gitdir:/github/workspace/trusted/.git.path \/github\/runner_temp\/git\-credentials\-0747a2e9\-f225\-4359\-ab96\-e80055227936\.config
2026-10-09T01:47:30.8424330Z [command]/usr/bin/git config --local --get-all includeif.gitdir:/github/workspace/trusted/.git/worktrees/*.path
2026-10-09T01:47:30.8454872Z /github/runner_temp/git-credentials-0747a2e9-f225-4359-ab96-e80055227936.config
2026-10-09T01:47:30.8464324Z [command]/usr/bin/git config --local --unset includeif.gitdir:/github/workspace/trusted/.git/worktrees/*.path \/github\/runner_temp\/git\-credentials\-0747a2e9\-f225\-4359\-ab96\-e80055227936\.config
2026-10-09T01:47:30.8506839Z [command]/usr/bin/git submodule foreach --recursive git config --local --show-origin --name-only --get-regexp remote.origin.url
2026-10-09T01:47:30.8748055Z Removing credentials config '/home/runner/work/_temp/git-credentials-0747a2e9-f225-4359-ab96-e80055227936.config'
2026-10-09T01:47:30.8756163Z ##[endgroup]
2026-10-09T01:47:30.9032234Z ##[group]Run python3 trusted/tools/delivery/release_lab.py reconcile-run --evaluation-run-id "$EVALUATION_RUN_ID" --output "$RUNNER_TEMP/release-lab-status"
2026-10-09T01:47:30.9036871Z [36;1mpython3 trusted/tools/delivery/release_lab.py reconcile-run --evaluation-run-id "$EVALUATION_RUN_ID" --output "$RUNNER_TEMP/release-lab-status"[0m
2026-10-09T01:47:30.9287531Z shell: /usr/bin/bash -e {0}
2026-10-09T01:47:30.9288669Z env:
2026-10-09T01:47:30.9297998Z   GH_TOKEN: ***
2026-10-09T01:47:30.9298965Z   EVALUATION_RUN_ID: 37870868223
2026-10-09T01:47:30.9300069Z ##[endgroup]
2026-10-09T01:47:34.1096579Z ##[group]Run actions/upload-artifact@cf430e030ddbb5b0abf93d22962f4752f3646cd9
2026-10-09T01:47:34.1097027Z with:
2026-10-09T01:47:34.1097258Z   name: release-lab-reconciled-status
2026-10-09T01:47:34.1097579Z   path: /home/runner/work/_temp/release-lab-status/
2026-10-09T01:47:34.1097919Z   if-no-files-found: ignore
2026-10-09T01:47:34.1098162Z   retention-days: 90
2026-10-09T01:47:34.1098382Z   overwrite: false
2026-10-09T01:47:34.1098616Z   compression-level: 6
2026-10-09T01:47:34.1098856Z   include-hidden-files: false
2026-10-09T01:47:34.1099105Z   archive: true
2026-10-09T01:47:34.1099317Z ##[endgroup]
2026-10-09T01:47:34.2522793Z With the provided path, there will be 1 file uploaded
2026-10-09T01:47:34.2528436Z Artifact name is valid!
2026-10-09T01:47:34.2528928Z Root directory input is valid!
2026-10-09T01:47:34.4713614Z Uploading artifact: release-lab-reconciled-status.zip
2026-10-09T01:47:34.4754178Z Beginning upload of artifact content to blob storage
2026-10-09T01:47:34.6137617Z Uploaded bytes 282
2026-10-09T01:47:34.6437817Z Finished uploading artifact content to blob storage!
2026-10-09T01:47:34.6438779Z SHA256 digest of uploaded artifact is 9763aa0b53c4e59db3d32c3f04f3101a19fcffb3f023b29a5a8fdebba3dcf8d9
2026-10-09T01:47:34.6439680Z Finalizing artifact upload
2026-10-09T01:47:34.9557257Z Artifact release-lab-reconciled-status successfully finalized. Artifact ID 11590162255
2026-10-09T01:47:34.9558821Z Artifact release-lab-reconciled-status has been successfully uploaded! Final size is 282 bytes. Artifact ID is 11590162255
2026-10-09T01:47:34.9561441Z Artifact download URL: https://github.com/israelhudson/flutter_code_push_example/actions/runs/37871443874/artifacts/11590162255
2026-10-09T01:47:34.9786459Z Post job cleanup.
2026-10-09T01:47:35.0632667Z [command]/usr/bin/git version
2026-10-09T01:47:35.0685673Z git version 2.55.0
2026-10-09T01:47:35.0719634Z Temporarily overriding HOME='/home/runner/work/_temp/83609f1d-d99c-49cf-9548-df86e4aac825' before making global git config changes
2026-10-09T01:47:35.0721186Z Adding repository directory to the temporary git global config as a safe directory
2026-10-09T01:47:35.0725314Z [command]/usr/bin/git config --global --add safe.directory /home/runner/work/flutter_code_push_example/flutter_code_push_example/trusted
2026-10-09T01:47:35.0759371Z Removing SSH command configuration
2026-10-09T01:47:35.0765946Z [command]/usr/bin/git config --local --name-only --get-regexp core\.sshCommand
2026-10-09T01:47:35.0803233Z [command]/usr/bin/git submodule foreach --recursive sh -c "git config --local --name-only --get-regexp 'core\.sshCommand' && git config --local --unset-all 'core.sshCommand' || :"
2026-10-09T01:47:35.1055959Z Removing HTTP extra header
2026-10-09T01:47:35.1062861Z [command]/usr/bin/git config --local --name-only --get-regexp http\.https\:\/\/github\.com\/\.extraheader
2026-10-09T01:47:35.1100105Z [command]/usr/bin/git submodule foreach --recursive sh -c "git config --local --name-only --get-regexp 'http\.https\:\/\/github\.com\/\.extraheader' && git config --local --unset-all 'http.https://github.com/.extraheader' || :"
2026-10-09T01:47:35.1358490Z Removing includeIf entries pointing to credentials config files
2026-10-09T01:47:35.1366740Z [command]/usr/bin/git config --local --name-only --get-regexp ^includeIf\.gitdir:
2026-10-09T01:47:35.1408545Z [command]/usr/bin/git submodule foreach --recursive git config --local --show-origin --name-only --get-regexp remote.origin.url
2026-10-09T01:47:35.1817408Z Cleaning up orphan processes
